WARNING:  Configuration file (/tmp/config.conf) parse error at line     4. current token(bad_param), (syntax error, unexpected IDENTIFIER, expecting FIELD_OUTPUT or END_SECTION)
WARNING:  pgaudit.config_file = /tmp/config.conf    => parse error,All setting is reset in the default value.
LOG:  pgaudit extension initialized
