	        format = 'AUDIT:(1) %class,%command_tag,%object_type,%object_id,%command_text'
	        format = 'AUDIT:(2) %class,%command_tag,%object_type,%object_id,%command_text'
	        format = 'AUDIT:(3) %class,%command_tag,%object_type,%object_id,%command_text'
	        format = 'AUDIT:(4) %class,%command_tag,%object_type,%object_id,%command_text'
LOG:  AUDIT:(2) WRITE,INSERT,TABLE,public.foo,INSERT INTO foo VALUES (1, 'aaa');
LOG:  AUDIT:(4) WRITE,INSERT,TABLE,public.foo,INSERT INTO foo VALUES (1, 'aaa');
LOG:  AUDIT:(2) WRITE,UPDATE,TABLE,public.foo,UPDATE foo SET data = 'AAA' WHERE id = 1;
LOG:  AUDIT:(4) WRITE,UPDATE,TABLE,public.foo,UPDATE foo SET data = 'AAA' WHERE id = 1;
LOG:  AUDIT:(1) READ,SELECT,TABLE,public.foo,SELECT * FROM foo;
LOG:  AUDIT:(3) READ,SELECT,TABLE,public.foo,SELECT * FROM foo;
LOG:  AUDIT:(2) WRITE,DELETE,TABLE,public.foo,DELETE FROM foo;
LOG:  AUDIT:(4) WRITE,DELETE,TABLE,public.foo,DELETE FROM foo;
LOG:  AUDIT:(2) WRITE,TRUNCATE TABLE,,,TRUNCATE foo;
LOG:  AUDIT:(4) WRITE,TRUNCATE TABLE,,,TRUNCATE foo;
