	        format = 'AUDIT: %class,%statement_id,%sub_statement_id,%command_tag,%command_text'
LOG:  AUDIT: DDL,1,1,CREATE TABLE,CREATE TABLE foo (id int, data text);
LOG:  AUDIT: DDL,2,1,CREATE FUNCTION,CREATE FUNCTION foo_add(p1 int, p2 int) RETURNS integer AS $$
LOG:  AUDIT: MISC,3,1,BEGIN,BEGIN;
LOG:  AUDIT: READ,4,1,SELECT,SELECT foo_add(10, 20);
LOG:  AUDIT: FUNCTION,4,2,EXECUTE,SELECT foo_add(10, 20);
LOG:  AUDIT: WRITE,5,1,INSERT,INSERT INTO foo VALUES (1, 'aaa'),(2,'bbb');
LOG:  AUDIT: READ,6,1,SELECT,TABLE foo;
LOG:  AUDIT: WRITE,7,1,UPDATE,UPDATE foo SET data = 'BBB' WHERE id = 2;
LOG:  AUDIT: WRITE,8,1,DELETE,DELETE FROM foo WHERE id = 1;
LOG:  AUDIT: READ,9,1,SELECT,SELECT * FROM foo;
LOG:  AUDIT: WRITE,10,1,TRUNCATE TABLE,TRUNCATE foo;
LOG:  AUDIT: MISC,11,1,COMMIT,COMMIT;
LOG:  AUDIT: DDL,12,1,DROP FUNCTION,DROP FUNCTION foo_add(p1 int, p2 int);
LOG:  AUDIT: DDL,13,1,DROP TABLE,DROP TABLE foo;
