	        format = 'AUDIT: %v,%statement_id-%sub_statement_id,%class,%command_tag,%command_text'
LOG:  AUDIT: 2/3,1-1,MISC,BEGIN,BEGIN;
LOG:  AUDIT: 2/3,3-1,WRITE,INSERT,INSERT INTO foo VALUES (1,'aaa'),(2,'bbb'),(3,'ccc');
LOG:  AUDIT: 2/3,4-1,WRITE,UPDATE,UPDATE foo SET data = 'CCC' WHERE id = 3;
LOG:  AUDIT: 2/3,5-1,WRITE,DELETE,DELETE FROM foo WHERE id = 2;
LOG:  AUDIT: 2/3,6-1,READ,SELECT,SELECT * FROM foo;
LOG:  AUDIT: 2/3,7-1,WRITE,TRUNCATE TABLE,TRUNCATE foo;
LOG:  AUDIT: 2/3,9-1,MISC,COMMIT,COMMIT;
LOG:  AUDIT: 2/4,10-1,MISC,BEGIN,BEGIN;
LOG:  AUDIT: 2/4,12-1,WRITE,INSERT,INSERT INTO foo VALUES (1,'aaa'),(2,'bbb'),(3,'ccc');
LOG:  AUDIT: 2/4,13-1,WRITE,UPDATE,UPDATE foo SET data = 'CCC' WHERE id = 3;
LOG:  AUDIT: 2/4,14-1,WRITE,DELETE,DELETE FROM foo WHERE id = 2;
LOG:  AUDIT: 2/4,15-1,READ,SELECT,SELECT * FROM foo;
LOG:  AUDIT: 2/4,16-1,WRITE,TRUNCATE TABLE,TRUNCATE foo;
LOG:  AUDIT: 2/4,18-1,MISC,COMMIT,END;
LOG:  AUDIT: 2/5,19-1,MISC,BEGIN,BEGIN;
LOG:  AUDIT: 2/5,21-1,WRITE,INSERT,INSERT INTO foo VALUES (1,'aaa'),(2,'bbb'),(3,'ccc');
LOG:  AUDIT: 2/5,22-1,WRITE,UPDATE,UPDATE foo SET data = 'CCC' WHERE id = 3;
LOG:  AUDIT: 2/5,23-1,WRITE,DELETE,DELETE FROM foo WHERE id = 2;
LOG:  AUDIT: 2/5,24-1,READ,SELECT,SELECT * FROM foo;
LOG:  AUDIT: 2/5,25-1,WRITE,TRUNCATE TABLE,TRUNCATE foo;
LOG:  AUDIT: 2/5,27-1,MISC,ROLLBACK,ROLLBACK;
LOG:  AUDIT: 2/6,28-1,MISC,BEGIN,BEGIN;
LOG:  AUDIT: 2/6,30-1,WRITE,INSERT,INSERT INTO foo VALUES (1,'aaa'),(2,'bbb'),(3,'ccc');
LOG:  AUDIT: 2/6,31-1,WRITE,UPDATE,UPDATE foo SET data = 'CCC' WHERE id = 3;
LOG:  AUDIT: 2/6,32-1,WRITE,DELETE,DELETE FROM foo WHERE id = 2;
LOG:  AUDIT: 2/6,33-1,READ,SELECT,SELECT * FROM foo;
LOG:  AUDIT: 2/6,34-1,WRITE,TRUNCATE TABLE,TRUNCATE foo;
LOG:  AUDIT: 2/6,35-1,ERROR,,SELECT ERROR1;
LOG:  AUDIT: 2/7,36-1,MISC,BEGIN,BEGIN
LOG:  AUDIT: 2/7,38-1,WRITE,INSERT,INSERT INTO foo VALUES (1,'aaa'),(2,'bbb'),(3,'ccc');
LOG:  AUDIT: 2/7,39-1,WRITE,UPDATE,UPDATE foo SET data = 'CCC' WHERE id = 3;
LOG:  AUDIT: 2/7,40-1,WRITE,DELETE,DELETE FROM foo WHERE id = 2;
LOG:  AUDIT: 2/7,41-1,READ,SELECT,SELECT * FROM foo;
LOG:  AUDIT: 2/7,42-1,WRITE,TRUNCATE TABLE,TRUNCATE foo;
LOG:  AUDIT: 2/7,44-1,MISC,COMMIT,COMMIT;
LOG:  AUDIT: 2/8,45-1,MISC,BEGIN,BEGIN
LOG:  AUDIT: 2/8,47-1,WRITE,INSERT,INSERT INTO foo VALUES (1,'aaa'),(2,'bbb'),(3,'ccc');
LOG:  AUDIT: 2/8,48-1,WRITE,UPDATE,UPDATE foo SET data = 'CCC' WHERE id = 3;
LOG:  AUDIT: 2/8,49-1,WRITE,DELETE,DELETE FROM foo WHERE id = 2;
LOG:  AUDIT: 2/8,50-1,READ,SELECT,SELECT * FROM foo;
LOG:  AUDIT: 2/8,51-1,WRITE,TRUNCATE TABLE,TRUNCATE foo;
LOG:  AUDIT: 2/8,53-1,MISC,COMMIT,END;
LOG:  AUDIT: 2/9,54-1,MISC,BEGIN,BEGIN
LOG:  AUDIT: 2/9,56-1,WRITE,INSERT,INSERT INTO foo VALUES (1,'aaa'),(2,'bbb'),(3,'ccc');
LOG:  AUDIT: 2/9,57-1,WRITE,UPDATE,UPDATE foo SET data = 'CCC' WHERE id = 3;
LOG:  AUDIT: 2/9,58-1,WRITE,DELETE,DELETE FROM foo WHERE id = 2;
LOG:  AUDIT: 2/9,59-1,READ,SELECT,SELECT * FROM foo;
LOG:  AUDIT: 2/9,60-1,WRITE,TRUNCATE TABLE,TRUNCATE foo;
LOG:  AUDIT: 2/9,62-1,MISC,ROLLBACK,ROLLBACK;
LOG:  AUDIT: 2/10,63-1,MISC,BEGIN,BEGIN
LOG:  AUDIT: 2/10,65-1,WRITE,INSERT,INSERT INTO foo VALUES (1,'aaa'),(2,'bbb'),(3,'ccc');
LOG:  AUDIT: 2/10,66-1,WRITE,UPDATE,UPDATE foo SET data = 'CCC' WHERE id = 3;
LOG:  AUDIT: 2/10,67-1,WRITE,DELETE,DELETE FROM foo WHERE id = 2;
LOG:  AUDIT: 2/10,68-1,READ,SELECT,SELECT * FROM foo;
LOG:  AUDIT: 2/10,69-1,WRITE,TRUNCATE TABLE,TRUNCATE foo;
LOG:  AUDIT: 2/10,70-1,ERROR,,SELECT ERROR1;
LOG:  AUDIT: 2/12,72-1,WRITE,INSERT,INSERT INTO foo VALUES (1,'aaa'),(2,'bbb'),(3,'ccc');
LOG:  AUDIT: 2/13,73-1,WRITE,UPDATE,UPDATE foo SET data = 'CCC' WHERE id = 3;
LOG:  AUDIT: 2/14,74-1,ERROR,,SELECT ERROR1;
LOG:  AUDIT: 2/15,75-1,WRITE,DELETE,DELETE FROM foo WHERE id = 2;
LOG:  AUDIT: 2/16,76-1,READ,SELECT,SELECT * FROM foo;
LOG:  AUDIT: 2/17,77-1,ERROR,,SELECT ERROR2;
LOG:  AUDIT: 2/18,78-1,WRITE,TRUNCATE TABLE,TRUNCATE foo;
